src/components/DailyQuestBanner.tsx(10,13): error TS2339: Property 'dailyQuest' does not exist on type 'GameState & GameActions'.
src/components/DailyQuestPanel.tsx(14,13): error TS2339: Property 'dailyQuest' does not exist on type 'GameState & GameActions'.
src/components/DailyQuestPanel.tsx(83,66): error TS7006: Parameter 'id' implicitly has an 'any' type.
src/components/DailyQuestPanel.tsx(83,70): error TS7006: Parameter 'i' implicitly has an 'any' type.
src/components/DebuffPanel.tsx(9,61): error TS2339: Property 'debuffHistory' does not exist on type 'GameState & GameActions'.
src/components/DebuffPanel.tsx(171,89): error TS7006: Parameter 'd' implicitly has an 'any' type.
src/components/HUD.tsx(17,9): error TS2339: Property 'activeShadowQuest' does not exist on type 'GameState & GameActions'.
src/components/HUD.tsx(20,9): error TS2339: Property 'activeMirrorMatch' does not exist on type 'GameState & GameActions'.
src/components/MirrorMatchPanel.tsx(7,13): error TS2339: Property 'activeMirrorMatch' does not exist on type 'GameState & GameActions'.
src/components/MissionsPanel.tsx(12,9): error TS2339: Property 'activeShadowQuest' does not exist on type 'GameState & GameActions'.
src/components/MissionsPanel.tsx(13,9): error TS2339: Property 'activeMirrorMatch' does not exist on type 'GameState & GameActions'.
src/components/MissionsPanel.tsx(14,9): error TS2339: Property 'activeTimeAttack' does not exist on type 'GameState & GameActions'.
src/components/ShadowQuestPanel.tsx(7,13): error TS2339: Property 'activeShadowQuest' does not exist on type 'GameState & GameActions'.
src/components/TimeAttackModal.tsx(8,9): error TS2339: Property 'activeTimeAttack' does not exist on type 'GameState & GameActions'.
src/utils/savedResponses.ts(2,27): error TS6196: 'GameState' is declared but never used.
